Prio 1 Step 1: 2024-07-30 08:12:25 Beginne zu rechnen 3 + 8
Prio 2 Step 2: 2024-07-30 08:12:26 Rechnung erfolgreich das ergebnis lautet 11
Prio 2 Step 3: 2024-07-30 08:12:26 Programm wird beendet
